Summary report for corelet
Mon Dec  1 15:57:02 2025
Quartus Prime Version 25.1std.0 Build 1129 10/21/2025 SC Lite Edition


---------------------
; Table of Contents ;
---------------------
  1. Legal Notice
  2. Power Analyzer Summary



----------------
; Legal Notice ;
----------------
Copyright (C) 2025  Altera Corporation. All rights reserved.
Your use of Altera Corporation's design tools, logic functions 
and other software and tools, and any partner logic 
functions, and any output files from any of the foregoing 
(including device programming or simulation files), and any 
associated documentation or information are expressly subject 
to the terms and conditions of the Altera Program License 
Subscription Agreement, the Altera Quartus Prime License Agreement,
the Altera IP License Agreement, or other applicable license
agreement, including, without limitation, that your use is for
the sole purpose of programming logic devices manufactured by
Altera and sold by Altera or its authorized distributors.  Please
refer to the Altera Software License Subscription Agreements 
on the Quartus Prime software download page.



+-------------------------------------------------------------------------------------------+
; Power Analyzer Summary                                                                    ;
+----------------------------------------+--------------------------------------------------+
; Power Analyzer Status                  ; Successful - Mon Dec  1 15:56:50 2025            ;
; Quartus Prime Version                  ; 25.1std.0 Build 1129 10/21/2025 SC Lite Edition  ;
; Revision Name                          ; corelet                                          ;
; Top-level Entity Name                  ; corelet                                          ;
; Family                                 ; Cyclone IV GX                                    ;
; Device                                 ; EP4CGX150DF31I7AD                                ;
; Power Models                           ; Final                                            ;
; Total Thermal Power Dissipation        ; 320.36 mW                                        ;
; Core Dynamic Thermal Power Dissipation ; 25.69 mW                                         ;
; Core Static Thermal Power Dissipation  ; 119.41 mW                                        ;
; I/O Thermal Power Dissipation          ; 175.27 mW                                        ;
; Power Estimation Confidence            ; Low: user provided insufficient toggle rate data ;
+----------------------------------------+--------------------------------------------------+


